apiVersion: operators.coreos.com/v1alpha1
kind: Subscription
metadata:
  annotations: {}
  labels:
    name: cluster-logging
  name: cluster-logging
  namespace: openshift-logging
spec:
  channel: stable-5.8
  config:
    resources:
      limits:
        memory: 256Mi
      requests:
        cpu: 10m
        memory: 128Mi
  installPlanApproval: Automatic
  name: cluster-logging
  source: redhat-operators
  sourceNamespace: openshift-operators-redhat
