apiVersion: logging.openshift.io/v1
kind: ClusterLogging
metadata:
  annotations:
    argocd.argoproj.io/sync-options: SkipDryRunOnMissingResource=true
  labels:
    name: instance
  name: instance
  namespace: openshift-logging
spec:
  collection:
    type: vector
  logStore: {}
  managementState: Managed
