apiVersion: operators.coreos.com/v1alpha1
kind: Subscription
metadata:
  annotations: {}
  labels:
    name: cluster-logging
  name: cluster-logging
  namespace: openshift-logging
spec:
  channel: stable-5.6
  installPlanApproval: Automatic
  name: cluster-logging
  source: redhat-operators
  sourceNamespace: openshift-operators-redhat
---
apiVersion: operators.coreos.com/v1alpha1
kind: Subscription
metadata:
  annotations: {}
  labels:
    name: loki-operator
  name: loki-operator
  namespace: openshift-operators-redhat
spec:
  channel: stable-5.6
  installPlanApproval: Automatic
  name: loki-operator
  source: openshift-operators-redhat
  sourceNamespace: openshift-operators-redhat
