apiVersion: redhatcop.redhat.io/v1alpha1
kind: Patch
metadata:
  annotations:
    argocd.argoproj.io/sync-options: SkipDryRunOnMissingResource=true
  labels:
    name: console-cluster-cc0c21c0e8849f4
  name: console-cluster-cc0c21c0e8849f4
  namespace: syn-patch-operator
spec:
  patches:
    console-cluster-cc0c21c0e8849f4-patch:
      patchTemplate: "\"spec\":\n  \"plugins\":\n  - \"logging-view-plugin\""
      patchType: application/merge-patch+json
      targetObjectRef:
        apiVersion: operator.openshift.io/v1
        kind: Console
        name: cluster
  serviceAccountRef:
    name: syn-patch-operator
