apiVersion: monitoring.coreos.com/v1
kind: PrometheusRule
metadata:
  annotations: {}
  labels:
    name: syn-collector-rules
  name: syn-collector-rules
  namespace: openshift-logging
spec:
  groups:
    - name: logging_collector.alerts
      rules:
        - alert: SYN_CollectorNodeDown
          annotations:
            message: Prometheus could not scrape {{ $labels.namespace }}/{{ $labels.pod
              }} collector component for more than 10m.
            summary: Collector cannot be scraped
          expr: |
            up{app_kubernetes_io_component = "collector", app_kubernetes_io_part_of = "cluster-logging"} == 0
          for: 10m
          labels:
            service: collector
            severity: critical
            syn: 'true'
            syn_component: openshift4-logging
        - alert: SYN_CollectorHighErrorRate
          annotations:
            message: '{{ $value }}% of records have resulted in an error by {{ $labels.namespace
              }}/{{ $labels.pod }} collector component.'
            summary: '{{ $labels.namespace }}/{{ $labels.pod }} collector component
              errors are high'
          expr: |
            100 * (
                collector:log_num_errors:sum_rate{app_kubernetes_io_part_of = "cluster-logging"}
              /
                collector:received_events:sum_rate{app_kubernetes_io_part_of = "cluster-logging"}
              ) > 0.001
          for: 15m
          labels:
            service: collector
            severity: critical
            syn: 'true'
            syn_component: openshift4-logging
        - alert: SYN_CollectorVeryHighErrorRate
          annotations:
            message: '{{ $value }}% of records have resulted in an error by {{ $labels.namespace
              }}/{{ $labels.pod }} collector component.'
            summary: '{{ $labels.namespace }}/{{ $labels.pod }} collector component
              errors are very high'
          expr: |
            100 * (
                collector:log_num_errors:sum_rate{app_kubernetes_io_part_of = "cluster-logging"}
              /
                collector:received_events:sum_rate{app_kubernetes_io_part_of = "cluster-logging"}
              ) > 0.05
          for: 15m
          labels:
            service: collector
            severity: critical
            syn: 'true'
            syn_component: openshift4-logging
