apiVersion: operators.coreos.com/v1alpha1
kind: Subscription
metadata:
  annotations:
    argocd.argoproj.io/sync-wave: '-80'
  labels:
    name: cluster-logging
  name: cluster-logging
  namespace: openshift-logging
spec:
  channel: stable-6.1
  config:
    resources:
      limits:
        memory: 1Gi
      requests:
        cpu: 10m
        memory: 256Mi
  installPlanApproval: Automatic
  name: cluster-logging
  source: redhat-operators
  sourceNamespace: openshift-operators-redhat
