apiVersion: operators.coreos.com/v1
kind: OperatorGroup
metadata:
  annotations: {}
  labels:
    name: cluster-logging
  name: cluster-logging
  namespace: openshift-logging
spec: {}
