apiVersion: operators.coreos.com/v1alpha1
kind: Subscription
metadata:
  annotations:
    argocd.argoproj.io/sync-wave: '-80'
  labels:
    name: cluster-logging
  name: cluster-logging
  namespace: openshift-logging
spec:
  channel: stable
  config:
    resources:
      limits:
        memory: 256Mi
      requests:
        cpu: 10m
        memory: 128Mi
  installPlanApproval: Automatic
  name: cluster-logging
  source: redhat-operators
  sourceNamespace: openshift-operators-redhat
---
apiVersion: operators.coreos.com/v1alpha1
kind: Subscription
metadata:
  annotations:
    argocd.argoproj.io/sync-wave: '-80'
  labels:
    name: loki-operator
  name: loki-operator
  namespace: openshift-operators-redhat
spec:
  channel: stable
  config:
    resources:
      limits:
        memory: 512Mi
      requests:
        cpu: 50m
        memory: 381Mi
  installPlanApproval: Automatic
  name: loki-operator
  source: openshift-operators-redhat
  sourceNamespace: openshift-operators-redhat
