apiVersion: loki.grafana.com/v1
kind: LokiStack
metadata:
  annotations:
    argocd.argoproj.io/sync-options: SkipDryRunOnMissingResource=true
    argocd.argoproj.io/sync-wave: '-50'
  labels:
    name: loki
  name: loki
spec:
  size: 1x.pico
  storage:
    schemas:
      - effectiveDate: '2022-06-01'
        version: v12
      - effectiveDate: '2024-09-01'
        version: v13
    secret:
      name: loki-logstore
      type: s3
  storageClassName: ''
  template:
    compactor:
      nodeSelector:
        node-role.kubernetes.io/infra: ''
    distributor:
      nodeSelector:
        node-role.kubernetes.io/infra: ''
    gateway:
      nodeSelector:
        node-role.kubernetes.io/infra: ''
    indexGateway:
      nodeSelector:
        node-role.kubernetes.io/infra: ''
    ingester:
      nodeSelector:
        node-role.kubernetes.io/infra: ''
    querier:
      nodeSelector:
        node-role.kubernetes.io/infra: ''
    queryFrontend:
      nodeSelector:
        node-role.kubernetes.io/infra: ''
    ruler:
      nodeSelector:
        node-role.kubernetes.io/infra: ''
  tenants:
    mode: openshift-logging
