apiVersion: v1
kind: ServiceAccount
metadata:
  annotations: {}
  labels:
    name: ueli
  name: ueli
  namespace: foo
---
apiVersion: v1
kind: ServiceAccount
metadata:
  annotations: {}
  labels:
    name: hands
  name: hands
  namespace: jazz
