apiVersion: rbac.authorization.k8s.io/v1
kind: RoleBinding
metadata:
  annotations: {}
  labels:
    name: ueli
  name: ueli
  namespace: foo
roleRef:
  apiGroup: rbac.authorization.k8s.io
  kind: ClusterRole
  name: collect-application-logs
subjects:
  - kind: ServiceAccount
    name: ueli
    namespace: foo
---
apiVersion: rbac.authorization.k8s.io/v1
kind: RoleBinding
metadata:
  annotations: {}
  labels:
    name: hands
  name: hands
  namespace: jazz
roleRef:
  apiGroup: rbac.authorization.k8s.io
  kind: ClusterRole
  name: collect-application-logs
subjects:
  - kind: ServiceAccount
    name: hands
    namespace: jazz
