apiVersion: v1
kind: ServiceAccount
metadata:
  annotations:
    argocd.argoproj.io/sync-wave: '-50'
  labels:
    name: logcollector
  name: logcollector
  namespace: openshift-logging
---
apiVersion: rbac.authorization.k8s.io/v1
kind: ClusterRoleBinding
metadata:
  annotations:
    argocd.argoproj.io/sync-wave: '-50'
  labels:
    name: logcollector-application-logs
  name: logcollector-application-logs
  namespace: openshift-logging
roleRef:
  apiGroup: rbac.authorization.k8s.io
  kind: ClusterRole
  name: collect-application-logs
subjects:
  - kind: ServiceAccount
    name: logcollector
    namespace: openshift-logging
---
apiVersion: rbac.authorization.k8s.io/v1
kind: ClusterRoleBinding
metadata:
  annotations:
    argocd.argoproj.io/sync-wave: '-50'
  labels:
    name: logcollector-infrastructure-logs
  name: logcollector-infrastructure-logs
  namespace: openshift-logging
roleRef:
  apiGroup: rbac.authorization.k8s.io
  kind: ClusterRole
  name: collect-infrastructure-logs
subjects:
  - kind: ServiceAccount
    name: logcollector
    namespace: openshift-logging
---
apiVersion: rbac.authorization.k8s.io/v1
kind: ClusterRoleBinding
metadata:
  annotations:
    argocd.argoproj.io/sync-wave: '-50'
  labels:
    name: logcollector-audit-logs
  name: logcollector-audit-logs
  namespace: openshift-logging
roleRef:
  apiGroup: rbac.authorization.k8s.io
  kind: ClusterRole
  name: collect-audit-logs
subjects:
  - kind: ServiceAccount
    name: logcollector
    namespace: openshift-logging
