apiVersion: machineconfiguration.openshift.io/v1
kind: MachineConfig
metadata:
  annotations: {}
  labels:
    machineconfiguration.openshift.io/role: master
    name: 41-master-journald
  name: 41-master-journald
spec:
  config:
    ignition:
      version: 2.2.0
    storage:
      files:
        - contents:
            source: data:text/plain;charset=utf-8;base64,TWF4UmV0ZW50aW9uU2VjPTFtb250aApSYXRlTGltaXRCdXJzdD0xMDAwMApSYXRlTGltaXRJbnRlcnZhbD0xcwpTdG9yYWdlPXBlcnNpc3RlbnQKU3luY0ludGVydmFsU2VjPTFzCg==
          filesystem: root
          mode: 420
          path: /etc/systemd/journald.conf
---
apiVersion: machineconfiguration.openshift.io/v1
kind: MachineConfig
metadata:
  annotations: {}
  labels:
    machineconfiguration.openshift.io/role: worker
    name: 41-worker-journald
  name: 41-worker-journald
spec:
  config:
    ignition:
      version: 2.2.0
    storage:
      files:
        - contents:
            source: data:text/plain;charset=utf-8;base64,TWF4UmV0ZW50aW9uU2VjPTFtb250aApSYXRlTGltaXRCdXJzdD0xMDAwMApSYXRlTGltaXRJbnRlcnZhbD0xcwpTdG9yYWdlPXBlcnNpc3RlbnQKU3luY0ludGVydmFsU2VjPTFzCg==
          filesystem: root
          mode: 420
          path: /etc/systemd/journald.conf
