apiVersion: rbac.authorization.k8s.io/v1
kind: ClusterRole
metadata:
  annotations: {}
  labels:
    name: logging-application-logs-reader-aggregate
    rbac.authorization.k8s.io/aggregate-to-admin: 'true'
  name: logging-application-logs-reader-aggregate
rules:
  - apiGroups:
      - loki.grafana.com
    resourceNames:
      - logs
    resources:
      - application
    verbs:
      - get
