apiVersion: v1
kind: Secret
metadata:
  annotations:
    argocd.argoproj.io/sync-options: Prune=false,Delete=false
    kubernetes.io/service-account.name: elasticsearch-operator-controller-manager-metrics-reader
  labels:
    name: elasticsearch-operator-controller-manager-metrics-token
  name: elasticsearch-operator-controller-manager-metrics-token
  namespace: openshift-operators-redhat
type: kubernetes.io/service-account-token
