apiVersion: operators.coreos.com/v1
kind: OperatorGroup
metadata:
  annotations:
    argocd.argoproj.io/sync-wave: '-90'
  labels:
    name: cluster-logging
  name: cluster-logging
  namespace: openshift-logging
