apiVersion: operators.coreos.com/v1alpha1
kind: Subscription
metadata:
  annotations: {}
  labels:
    name: cluster-logging
  name: cluster-logging
  namespace: openshift-logging
spec:
  channel: stable-5.6
  config:
    resources:
      limits:
        memory: 256Mi
      requests:
        cpu: 10m
        memory: 128Mi
  installPlanApproval: Automatic
  name: cluster-logging
  source: redhat-operators
  sourceNamespace: openshift-operators-redhat
---
apiVersion: operators.coreos.com/v1alpha1
kind: Subscription
metadata:
  annotations: {}
  labels:
    name: elasticsearch-operator
  name: elasticsearch-operator
  namespace: openshift-operators-redhat
spec:
  channel: stable-5.6
  config:
    resources:
      limits:
        memory: 1.5Gi
      requests:
        cpu: 100m
        memory: 1Gi
  installPlanApproval: Automatic
  name: elasticsearch-operator
  source: openshift-operators-redhat
  sourceNamespace: openshift-operators-redhat
