apiVersion: v1
kind: ServiceAccount
metadata:
  labels:
    name: elasticsearch-operator-manager
  name: elasticsearch-operator-manager
  namespace: syn-resource-locker
---
apiVersion: rbac.authorization.k8s.io/v1
kind: ClusterRole
metadata:
  labels:
    name: syn-resource-locker-elasticsearch-operator-manager
  name: syn-resource-locker-elasticsearch-operator-manager
rules:
  - apiGroups:
      - apps
    resources:
      - deployments
    verbs:
      - list
      - watch
---
apiVersion: rbac.authorization.k8s.io/v1
kind: ClusterRoleBinding
metadata:
  labels:
    name: syn-resource-locker-elasticsearch-operator-manager
  name: syn-resource-locker-elasticsearch-operator-manager
roleRef:
  apiGroup: rbac.authorization.k8s.io
  kind: ClusterRole
  name: syn-resource-locker-elasticsearch-operator-manager
subjects:
  - kind: ServiceAccount
    name: elasticsearch-operator-manager
    namespace: syn-resource-locker
---
apiVersion: rbac.authorization.k8s.io/v1
kind: Role
metadata:
  labels:
    name: syn-resource-locker-elasticsearch-operator-manager
  name: syn-resource-locker-elasticsearch-operator-manager
  namespace: openshift-operators-redhat
rules:
  - apiGroups:
      - apps
    resources:
      - deployments
    verbs:
      - get
      - patch
---
apiVersion: rbac.authorization.k8s.io/v1
kind: RoleBinding
metadata:
  labels:
    name: syn-resource-locker-elasticsearch-operator-manager
  name: syn-resource-locker-elasticsearch-operator-manager
  namespace: openshift-operators-redhat
roleRef:
  apiGroup: rbac.authorization.k8s.io
  kind: Role
  name: syn-resource-locker-elasticsearch-operator-manager
subjects:
  - kind: ServiceAccount
    name: elasticsearch-operator-manager
    namespace: syn-resource-locker
---
apiVersion: redhatcop.redhat.io/v1alpha1
kind: ResourceLocker
metadata:
  annotations:
    argocd.argoproj.io/sync-options: SkipDryRunOnMissingResource=true
  labels:
    name: openshift-operators-redhat-elasticsearch-operator
  name: openshift-operators-redhat-elasticsearch-operator
  namespace: syn-resource-locker
spec:
  patches:
    - id: patch1
      patchTemplate: "\"spec\":\n  \"template\":\n    \"spec\":\n      \"nodeSelector\"\
        :\n        \"node-role.kubernetes.io/infra\": \"\""
      patchType: application/strategic-merge-patch+json
      targetObjectRef:
        apiVersion: apps/v1
        kind: Deployment
        name: elasticsearch-operator
        namespace: openshift-operators-redhat
  serviceAccountRef:
    name: elasticsearch-operator-manager
