spec:
  syncPolicy:
    syncOptions:
      - ServerSideApply=true
